AllSetsCompletionRule
AlternativeMatch
CardioDiscipline
CardioDisciplineSerializer
CardioFinishedCallback
CardioInterval
CardioLap
CardioPhase
CardioPhaseSerializer
CardioPlan
CardioPlanBuilder
CardioPlanEditorScreen
CardioQuickRunner
CardioResult
CardioResultsStatTile
CardioResultsView
CardioRunner
CardioRunnerPanel
CardioRunnerScope
CardioRunnerScreen
CardioRunnerState
CardioRunnerStatusAppBarAction
CardioRunnerStatusBanner
CardioRunnerStatusBottomBar
CardioRunnerStatusChip
CardioStatBuilder
CardioTemplates
Catalog
CatalogPickerKind
CatalogPickerSheet
CatalogSnapshot
CategoryEditorSheet
CoachEngine
CoachSeverity
CoachSeveritySerializer
CoachSignal
CoachSignalEvent
CoachSignalSerializer
CoachingAction
CoachingMessage
CoachingMessageMapper
CoachingMessageTemplate
CompletionEvaluation
CompletionRule
ConsentGate
ConsentScope
ConsentState
CustomEntityKinds
CustomEntityRegistry
DataBundle
DataExport
DefaultBars
DefaultCardioPlans
DefaultCategories
DefaultCoachEngine
DefaultExercises
DefaultMuscles
DefaultPlans
DefaultPlateSets
DefaultRunnerHaptics
DeloadConfig
DeloadPlan
DeloadStrategy
DeloadSuggestion
EnergyEstimator
EquipmentItem
EquipmentItemId
EquipmentPickerSheet
EquipmentProfile
ExerciseAlternativeGroup
ExerciseAlternatives
ExerciseCategory
ExerciseDifficulty
ExerciseDifficultyId
ExerciseEditorSheet
ExerciseEquipment
ExerciseEquipmentId
ExerciseFavoritesStorage
ExerciseFocusCard
ExerciseIndex
ExercisePicker
ExerciseSearch
ExperienceLevel
ExperienceLevelPicker
ExperienceLevelSerializer
ExportAuditEntry
ExportAuditSink
FocusActionBar
FocusSecondaryAction
FormCueBundle
FormCues
FreeSessionCompletionRule
GoalPickerSheet
HistoryPage
ImportConflictPolicy
ImportError
ImportResult
InMemoryCustomEntityRegistry
InMemoryExerciseFavoritesStorage
InMemoryExportAuditSink
InMemoryPagedHistoryStorage
InMemoryPlanDraftStorage
InMemoryRunnerStorage
InMemoryScheduledWorkoutStorage
InMemorySessionRatingStorage
InMemoryWorkoutHistoryStorage
KnownTag
MeasurementSystem
MeasurementSystemSerializer
MetaFieldRow
MinimumSetsCompletionRule
MovementPattern
MovementPatternId
Muscle
MuscleEditorSheet
NextSetSuggestion
NextUpStrip
NoOpRunnerAudio
NoOpRunnerHaptics
NoOpRunnerVoiceCues
NotesTimeline
NotesTimelineEntry
OverloadEngine
OverloadStrategy
OverloadStrategySerializer
OverloadSuggestion
PagedWorkoutHistoryStorage
PerformedExercise
PerformedExerciseDetails
PerformedSet
PersonalRecord
PersonalRecords
PlanDraftController
PlanDraftStorage
PlanEditorScreen
PlanGenerationProfile
PlanGenerationProfileSheet
PlanGenerator
PlateCalculator
PlateLoading
PrHighlightsCard
PrType
PrefsRunnerStorage
ProgramDay
ProgramDayKind
ProgramProgress
ProgramProgressTracker
ProgramTemplates
ProgramWeek
QuickRunner
Readiness
ReadinessLevel
RecentSessionsList
Recommendations
Redaction
RequiredExercisesCompletionRule
RestGoal
RestPreset
RestPresetResolver
RestSuggestion
ResultsStatTile
ResultsView
RunnerActionError
RunnerActionResult
RunnerAudio
RunnerAudioBridge
RunnerButtonStyle
RunnerCard
RunnerErrorMessages
RunnerFocusPanel
RunnerHaptics
RunnerHapticsBridge
RunnerPanel
RunnerPillButton
RunnerScope
RunnerScreen
RunnerStatusAppBarAction
RunnerStatusBanner
RunnerStatusBottomBar
RunnerStatusChip
RunnerStorage
RunnerVoiceCues
ScheduledStatus
ScheduledWorkout
ScheduledWorkoutQuery
ScheduledWorkoutStorage
ScoredAlternative
SectionLabel
SessionHeader
SessionMood
SessionRating
SessionRatingStats
SessionRatingStorage
SetInputResult
SetInputSheet
SetRow
SetRowSlotData
SetRowState
SetTimeline
SetTrailingBuilder
SetType
SetTypeAccents
SetTypeSerializer
ShareHelpers
SoundCue
StreamingStats
StrengthTemplates
SyncConflict
SyncEnvelope
SyncMerge
SyncMergeResult
SyncMergeStrategy
SyncOperation
TagFilter
TagMatchMode
TimerText
TrainingGoal
TrainingGoalSerializer
TrainingProgram
TrainingReadiness
VolumeAdjustment
VolumeTrendChart
WarmupGenerator
WarmupStrategy
WeeklySummaryCard
WeeklyWorkoutSummary
WorkoutBlock
WorkoutCompletion
WorkoutCompletionStatus
WorkoutExercise
WorkoutFinishedCallback
WorkoutHistoryStorage
WorkoutImport
WorkoutNotes
WorkoutPlan
WorkoutPlanBuilder
WorkoutPlanValidation
WorkoutPlanValidationIssue
WorkoutPlanValidationResult
WorkoutPlanValidationSeverity
WorkoutResult
WorkoutRunner
WorkoutRunnerLocalizations
WorkoutRunnerLocalizationsScope
WorkoutRunnerState
WorkoutRunnerTheme
WorkoutRunnerThemeData
WorkoutRunnerUnitFormatters
WorkoutSet
WorkoutStatBuilder
WorkoutStats
WorkoutTags
kDefaultMet
kDefaultMetByCategoryId
kDefaultMetByDiscipline
kDefaultRestPresets
kKgPerLb
kLbPerKg
kMetersPerFoot
kMetersPerMile
kPluginSchemaVersion
